python : C:\Users\Administrator\Desktop\RAG-QA-System---2405030244-main\vector_
store.py:24: LangChainDeprecationWarning: The class `HuggingFaceEmbeddings` was
 deprecated in LangChain 0.2.2 and will be removed in 1.0. An updated version o
f the class exists in the :class:`~langchain-huggingface package and should be 
used instead. To use it run `pip install -U :class:`~langchain-huggingface` and
 import as `from :class:`~langchain_huggingface import HuggingFaceEmbeddings``.
所在位置 行:1 字符: 68
+ ... ---2405030244-main; python test_rag.py > test_output.txt 2>&1; Get-Co ...
+                         ~~~~~~~~~~~~~~~~~~~~~~~~~~~~~~~~~~~~~~~~~
    + CategoryInfo          : NotSpecified: (C:\Users\Admini...ceEmbeddings``. 
   :String) [], RemoteException
    + FullyQualifiedErrorId : NativeCommandError
 
  return SentenceTransformerEmbeddings(model_name="all-MiniLM-L6-v2")
'(MaxRetryError("HTTPSConnectionPool(host='huggingface.co', port=443): Max retr
ies exceeded with url: /sentence-transformers/all-MiniLM-L6-v2/resolve/main/mod
ules.json (Caused by ProxyError('Unable to connect to proxy', SSLError(SSLEOFEr
ror(8, 'EOF occurred in violation of protocol (_ssl.c:1129)'))))"), '(Request I
D: caf4ae33-1908-46cd-8883-db494bdbf941)')' thrown while requesting HEAD https:
//huggingface.co/sentence-transformers/all-MiniLM-L6-v2/resolve/main/./modules.
json
Retrying in 1s [Retry 1/5].
'(MaxRetryError("HTTPSConnectionPool(host='huggingface.co', port=443): Max retr
ies exceeded with url: /sentence-transformers/all-MiniLM-L6-v2/resolve/main/mod
ules.json (Caused by ProxyError('Unable to connect to proxy', SSLError(SSLEOFEr
ror(8, 'EOF occurred in violation of protocol (_ssl.c:1129)'))))"), '(Request I
D: d7aaa00f-67aa-46fe-808d-6a7b7ebf0fc1)')' thrown while requesting HEAD https:
//huggingface.co/sentence-transformers/all-MiniLM-L6-v2/resolve/main/./modules.
json
Retrying in 2s [Retry 2/5].
'(MaxRetryError("HTTPSConnectionPool(host='huggingface.co', port=443): Max retr
ies exceeded with url: /sentence-transformers/all-MiniLM-L6-v2/resolve/main/mod
ules.json (Caused by ProxyError('Unable to connect to proxy', SSLError(SSLEOFEr
ror(8, 'EOF occurred in violation of protocol (_ssl.c:1129)'))))"), '(Request I
D: b97578fb-585b-404b-88d7-c2d7699521b3)')' thrown while requesting HEAD https:
//huggingface.co/sentence-transformers/all-MiniLM-L6-v2/resolve/main/./modules.
json
Retrying in 4s [Retry 3/5].
'(MaxRetryError("HTTPSConnectionPool(host='huggingface.co', port=443): Max retr
ies exceeded with url: /sentence-transformers/all-MiniLM-L6-v2/resolve/main/mod
ules.json (Caused by ProxyError('Unable to connect to proxy', SSLError(SSLEOFEr
ror(8, 'EOF occurred in violation of protocol (_ssl.c:1129)'))))"), '(Request I
D: 8db4918f-5061-4f0c-bf84-ac7cfabba0ac)')' thrown while requesting HEAD https:
//huggingface.co/sentence-transformers/all-MiniLM-L6-v2/resolve/main/./modules.
json
Retrying in 8s [Retry 4/5].
'(MaxRetryError("HTTPSConnectionPool(host='huggingface.co', port=443): Max retr
ies exceeded with url: /sentence-transformers/all-MiniLM-L6-v2/resolve/main/mod
ules.json (Caused by ProxyError('Unable to connect to proxy', SSLError(SSLEOFEr
ror(8, 'EOF occurred in violation of protocol (_ssl.c:1129)'))))"), '(Request I
D: 8c4bd85f-728b-4b7b-ac70-df8ecf0b1f1b)')' thrown while requesting HEAD https:
//huggingface.co/sentence-transformers/all-MiniLM-L6-v2/resolve/main/./modules.
json
Retrying in 8s [Retry 5/5].
'(MaxRetryError("HTTPSConnectionPool(host='huggingface.co', port=443): Max retr
ies exceeded with url: /sentence-transformers/all-MiniLM-L6-v2/resolve/main/mod
ules.json (Caused by ProxyError('Unable to connect to proxy', SSLError(SSLEOFEr
ror(8, 'EOF occurred in violation of protocol (_ssl.c:1129)'))))"), '(Request I
D: 11bdbde5-8ce5-4c7f-a9b5-2d9b95087031)')' thrown while requesting HEAD https:
//huggingface.co/sentence-transformers/all-MiniLM-L6-v2/resolve/main/./modules.
json
No sentence-transformers model found with name sentence-transformers/all-MiniLM
-L6-v2. Creating a new one with mean pooling.
'(MaxRetryError("HTTPSConnectionPool(host='huggingface.co', port=443): Max retr
ies exceeded with url: /sentence-transformers/all-MiniLM-L6-v2/resolve/main/ada
pter_config.json (Caused by ProxyError('Unable to connect to proxy', SSLError(S
SLEOFError(8, 'EOF occurred in violation of protocol (_ssl.c:1129)'))))"), '(Re
quest ID: 878ffffd-0a63-417a-8c18-d3583e755872)')' thrown while requesting HEAD
 https://huggingface.co/sentence-transformers/all-MiniLM-L6-v2/resolve/main/ada
pter_config.json
Retrying in 1s [Retry 1/5].
'(MaxRetryError("HTTPSConnectionPool(host='huggingface.co', port=443): Max retr
ies exceeded with url: /sentence-transformers/all-MiniLM-L6-v2/resolve/main/ada
pter_config.json (Caused by ProxyError('Unable to connect to proxy', SSLError(S
SLEOFError(8, 'EOF occurred in violation of protocol (_ssl.c:1129)'))))"), '(Re
quest ID: 753ce910-2413-4597-a02a-5e9c8fc1ba5f)')' thrown while requesting HEAD
 https://huggingface.co/sentence-transformers/all-MiniLM-L6-v2/resolve/main/ada
pter_config.json
Retrying in 2s [Retry 2/5].
'(MaxRetryError("HTTPSConnectionPool(host='huggingface.co', port=443): Max retr
ies exceeded with url: /sentence-transformers/all-MiniLM-L6-v2/resolve/main/ada
pter_config.json (Caused by ProxyError('Unable to connect to proxy', SSLError(S
SLEOFError(8, 'EOF occurred in violation of protocol (_ssl.c:1129)'))))"), '(Re
quest ID: 2ad210f1-fe70-476a-8985-baca293e8137)')' thrown while requesting HEAD
 https://huggingface.co/sentence-transformers/all-MiniLM-L6-v2/resolve/main/ada
pter_config.json
Retrying in 4s [Retry 3/5].
'(MaxRetryError("HTTPSConnectionPool(host='huggingface.co', port=443): Max retr
ies exceeded with url: /sentence-transformers/all-MiniLM-L6-v2/resolve/main/ada
pter_config.json (Caused by ProxyError('Unable to connect to proxy', SSLError(S
SLEOFError(8, 'EOF occurred in violation of protocol (_ssl.c:1129)'))))"), '(Re
quest ID: 83843a72-07f2-4036-a17b-a3ee5052514a)')' thrown while requesting HEAD
 https://huggingface.co/sentence-transformers/all-MiniLM-L6-v2/resolve/main/ada
pter_config.json
Retrying in 8s [Retry 4/5].
'(MaxRetryError("HTTPSConnectionPool(host='huggingface.co', port=443): Max retr
ies exceeded with url: /sentence-transformers/all-MiniLM-L6-v2/resolve/main/ada
pter_config.json (Caused by ProxyError('Unable to connect to proxy', SSLError(S
SLEOFError(8, 'EOF occurred in violation of protocol (_ssl.c:1129)'))))"), '(Re
quest ID: 81f89bf0-dd3f-4e99-8c8f-dc801b358704)')' thrown while requesting HEAD
 https://huggingface.co/sentence-transformers/all-MiniLM-L6-v2/resolve/main/ada
pter_config.json
Retrying in 8s [Retry 5/5].
